[2025-08-03 08:53:01 +0000] [1] [INFO] Starting gunicorn 21.2.0
[2025-08-03 08:53:01 +0000] [1] [INFO] Listening at: http://0.0.0.0:8000 (1)
[2025-08-03 08:53:01 +0000] [1] [INFO] Using worker: gevent
[2025-08-03 08:53:01 +0000] [21] [INFO] Booting worker with pid: 21
[2025-08-03 08:53:01 +0000] [22] [INFO] Booting worker with pid: 22
[2025-08-03 08:53:01 +0000] [23] [INFO] Booting worker with pid: 23
[2025-08-03 18:32:00 +0000] [1] [INFO] Handling signal: term
[2025-08-03 18:32:00 +0000] [23] [INFO] Worker exiting (pid: 23)
[2025-08-03 18:32:00 +0000] [21] [INFO] Worker exiting (pid: 21)
[2025-08-03 18:32:00 +0000] [22] [INFO] Worker exiting (pid: 22)
[2025-08-03 18:32:00 +0000] [1] [INFO] Shutting down: Master
[2025-08-05 18:07:49 +0000] [1] [INFO] Starting gunicorn 21.2.0
[2025-08-05 18:07:49 +0000] [1] [INFO] Listening at: http://0.0.0.0:8000 (1)
[2025-08-05 18:07:49 +0000] [1] [INFO] Using worker: uvicorn.workers.UvicornWorker
[2025-08-05 18:07:49 +0000] [22] [INFO] Booting worker with pid: 22
[2025-08-05 18:07:49 +0000] [22] [INFO] Started server process [22]
[2025-08-05 18:07:49 +0000] [22] [INFO] Waiting for application startup.
[2025-08-05 18:07:49 +0000] [22] [INFO] ASGI 'lifespan' protocol appears unsupported.
[2025-08-05 18:07:49 +0000] [22] [INFO] Application startup complete.
[2025-08-05 18:07:49 +0000] [23] [INFO] Booting worker with pid: 23
[2025-08-05 18:07:49 +0000] [23] [INFO] Started server process [23]
[2025-08-05 18:07:49 +0000] [23] [INFO] Waiting for application startup.
[2025-08-05 18:07:49 +0000] [23] [INFO] ASGI 'lifespan' protocol appears unsupported.
[2025-08-05 18:07:49 +0000] [23] [INFO] Application startup complete.
[2025-08-05 18:07:49 +0000] [24] [INFO] Booting worker with pid: 24
[2025-08-05 18:07:49 +0000] [24] [INFO] Started server process [24]
[2025-08-05 18:07:49 +0000] [24] [INFO] Waiting for application startup.
[2025-08-05 18:07:49 +0000] [24] [INFO] ASGI 'lifespan' protocol appears unsupported.
[2025-08-05 18:07:49 +0000] [24] [INFO] Application startup complete.
[2025-08-05 18:14:03 +0000] [1] [INFO] Handling signal: term
[2025-08-05 18:14:03 +0000] [24] [INFO] Shutting down
[2025-08-05 18:14:03 +0000] [24] [INFO] Error while closing socket [Errno 9] Bad file descriptor
[2025-08-05 18:14:04 +0000] [23] [INFO] Shutting down
[2025-08-05 18:14:04 +0000] [23] [INFO] Error while closing socket [Errno 9] Bad file descriptor
[2025-08-05 18:14:04 +0000] [22] [INFO] Shutting down
[2025-08-05 18:14:04 +0000] [22] [INFO] Error while closing socket [Errno 9] Bad file descriptor
[2025-08-05 18:14:04 +0000] [24] [INFO] Finished server process [24]
[2025-08-05 18:14:04 +0000] [24] [INFO] Worker exiting (pid: 24)
[2025-08-05 18:14:04 +0000] [23] [INFO] Finished server process [23]
[2025-08-05 18:14:04 +0000] [23] [INFO] Worker exiting (pid: 23)
[2025-08-05 18:14:04 +0000] [22] [INFO] Finished server process [22]
[2025-08-05 18:14:04 +0000] [22] [INFO] Worker exiting (pid: 22)
[2025-08-05 18:14:04 +0000] [1] [INFO] Shutting down: Master
[2025-08-05 18:14:06 +0000] [1] [INFO] Starting gunicorn 21.2.0
[2025-08-05 18:14:06 +0000] [1] [INFO] Listening at: http://0.0.0.0:8000 (1)
[2025-08-05 18:14:06 +0000] [1] [INFO] Using worker: uvicorn.workers.UvicornWorker
[2025-08-05 18:14:06 +0000] [23] [INFO] Booting worker with pid: 23
[2025-08-05 18:14:06 +0000] [23] [INFO] Started server process [23]
[2025-08-05 18:14:06 +0000] [23] [INFO] Waiting for application startup.
[2025-08-05 18:14:06 +0000] [24] [INFO] Booting worker with pid: 24
[2025-08-05 18:14:06 +0000] [23] [INFO] ASGI 'lifespan' protocol appears unsupported.
[2025-08-05 18:14:06 +0000] [23] [INFO] Application startup complete.
[2025-08-05 18:14:06 +0000] [24] [INFO] Started server process [24]
[2025-08-05 18:14:06 +0000] [24] [INFO] Waiting for application startup.
[2025-08-05 18:14:06 +0000] [24] [INFO] ASGI 'lifespan' protocol appears unsupported.
[2025-08-05 18:14:06 +0000] [24] [INFO] Application startup complete.
[2025-08-05 18:14:06 +0000] [25] [INFO] Booting worker with pid: 25
[2025-08-05 18:14:06 +0000] [25] [INFO] Started server process [25]
[2025-08-05 18:14:06 +0000] [25] [INFO] Waiting for application startup.
[2025-08-05 18:14:06 +0000] [25] [INFO] ASGI 'lifespan' protocol appears unsupported.
[2025-08-05 18:14:06 +0000] [25] [INFO] Application startup complete.
[2025-08-05 18:15:58 +0000] [1] [INFO] Handling signal: term
[2025-08-05 18:15:58 +0000] [24] [INFO] Shutting down
[2025-08-05 18:15:58 +0000] [24] [INFO] Error while closing socket [Errno 9] Bad file descriptor
[2025-08-05 18:15:58 +0000] [25] [INFO] Shutting down
[2025-08-05 18:15:58 +0000] [25] [INFO] Error while closing socket [Errno 9] Bad file descriptor
[2025-08-05 18:15:58 +0000] [23] [INFO] Shutting down
[2025-08-05 18:15:58 +0000] [23] [INFO] Error while closing socket [Errno 9] Bad file descriptor
[2025-08-05 18:15:58 +0000] [24] [INFO] Finished server process [24]
[2025-08-05 18:15:58 +0000] [24] [INFO] Worker exiting (pid: 24)
[2025-08-05 18:15:58 +0000] [25] [INFO] Finished server process [25]
[2025-08-05 18:15:58 +0000] [23] [INFO] Finished server process [23]
[2025-08-05 18:15:58 +0000] [25] [INFO] Worker exiting (pid: 25)
[2025-08-05 18:15:58 +0000] [23] [INFO] Worker exiting (pid: 23)
[2025-08-05 18:15:59 +0000] [1] [INFO] Shutting down: Master
[2025-08-05 18:16:02 +0000] [1] [INFO] Starting gunicorn 21.2.0
[2025-08-05 18:16:02 +0000] [1] [INFO] Listening at: http://0.0.0.0:8000 (1)
[2025-08-05 18:16:02 +0000] [1] [INFO] Using worker: uvicorn.workers.UvicornWorker
[2025-08-05 18:16:02 +0000] [23] [INFO] Booting worker with pid: 23
[2025-08-05 18:16:02 +0000] [23] [INFO] Started server process [23]
[2025-08-05 18:16:02 +0000] [23] [INFO] Waiting for application startup.
[2025-08-05 18:16:02 +0000] [23] [INFO] ASGI 'lifespan' protocol appears unsupported.
[2025-08-05 18:16:02 +0000] [23] [INFO] Application startup complete.
[2025-08-05 18:16:02 +0000] [24] [INFO] Booting worker with pid: 24
[2025-08-05 18:16:02 +0000] [24] [INFO] Started server process [24]
[2025-08-05 18:16:02 +0000] [24] [INFO] Waiting for application startup.
[2025-08-05 18:16:02 +0000] [24] [INFO] ASGI 'lifespan' protocol appears unsupported.
[2025-08-05 18:16:02 +0000] [24] [INFO] Application startup complete.
[2025-08-05 18:16:02 +0000] [25] [INFO] Booting worker with pid: 25
[2025-08-05 18:16:02 +0000] [25] [INFO] Started server process [25]
[2025-08-05 18:16:02 +0000] [25] [INFO] Waiting for application startup.
[2025-08-05 18:16:02 +0000] [25] [INFO] ASGI 'lifespan' protocol appears unsupported.
[2025-08-05 18:16:02 +0000] [25] [INFO] Application startup complete.
[2025-08-05 21:53:33 +0000] [1] [INFO] Handling signal: term
[2025-08-05 21:53:33 +0000] [24] [INFO] Shutting down
[2025-08-05 21:53:33 +0000] [24] [INFO] Error while closing socket [Errno 9] Bad file descriptor
[2025-08-05 21:53:33 +0000] [23] [INFO] Shutting down
[2025-08-05 21:53:33 +0000] [23] [INFO] Error while closing socket [Errno 9] Bad file descriptor
[2025-08-05 21:53:33 +0000] [25] [INFO] Shutting down
[2025-08-05 21:53:33 +0000] [25] [INFO] Error while closing socket [Errno 9] Bad file descriptor
[2025-08-05 21:53:33 +0000] [24] [INFO] Finished server process [24]
[2025-08-05 21:53:33 +0000] [24] [INFO] Worker exiting (pid: 24)
[2025-08-05 21:53:33 +0000] [23] [INFO] Finished server process [23]
[2025-08-05 21:53:33 +0000] [23] [INFO] Worker exiting (pid: 23)
[2025-08-05 21:53:33 +0000] [25] [INFO] Finished server process [25]
[2025-08-05 21:53:33 +0000] [25] [INFO] Worker exiting (pid: 25)
[2025-08-05 21:53:34 +0000] [1] [INFO] Shutting down: Master
[2025-08-05 21:55:50 +0000] [1] [INFO] Starting gunicorn 21.2.0
[2025-08-05 21:55:50 +0000] [1] [INFO] Listening at: http://0.0.0.0:8000 (1)
[2025-08-05 21:55:50 +0000] [1] [INFO] Using worker: uvicorn.workers.UvicornWorker
[2025-08-05 21:55:50 +0000] [23] [INFO] Booting worker with pid: 23
[2025-08-05 21:55:50 +0000] [23] [INFO] Started server process [23]
[2025-08-05 21:55:50 +0000] [23] [INFO] Waiting for application startup.
[2025-08-05 21:55:50 +0000] [23] [INFO] ASGI 'lifespan' protocol appears unsupported.
[2025-08-05 21:55:50 +0000] [23] [INFO] Application startup complete.
[2025-08-05 21:55:50 +0000] [24] [INFO] Booting worker with pid: 24
[2025-08-05 21:55:50 +0000] [24] [INFO] Started server process [24]
[2025-08-05 21:55:50 +0000] [24] [INFO] Waiting for application startup.
[2025-08-05 21:55:50 +0000] [24] [INFO] ASGI 'lifespan' protocol appears unsupported.
[2025-08-05 21:55:50 +0000] [24] [INFO] Application startup complete.
[2025-08-05 21:55:50 +0000] [25] [INFO] Booting worker with pid: 25
[2025-08-05 21:55:50 +0000] [25] [INFO] Started server process [25]
[2025-08-05 21:55:50 +0000] [25] [INFO] Waiting for application startup.
[2025-08-05 21:55:50 +0000] [25] [INFO] ASGI 'lifespan' protocol appears unsupported.
[2025-08-05 21:55:50 +0000] [25] [INFO] Application startup complete.
[2025-08-05 23:04:06 +0000] [1] [INFO] Handling signal: term
[2025-08-05 23:04:06 +0000] [24] [INFO] Shutting down
[2025-08-05 23:04:06 +0000] [24] [INFO] Error while closing socket [Errno 9] Bad file descriptor
[2025-08-05 23:04:06 +0000] [23] [INFO] Shutting down
[2025-08-05 23:04:06 +0000] [23] [INFO] Error while closing socket [Errno 9] Bad file descriptor
[2025-08-05 23:04:06 +0000] [25] [INFO] Shutting down
[2025-08-05 23:04:06 +0000] [25] [INFO] Error while closing socket [Errno 9] Bad file descriptor
[2025-08-05 23:04:06 +0000] [24] [INFO] Finished server process [24]
[2025-08-05 23:04:06 +0000] [24] [INFO] Worker exiting (pid: 24)
[2025-08-05 23:04:06 +0000] [23] [INFO] Finished server process [23]
[2025-08-05 23:04:06 +0000] [23] [INFO] Worker exiting (pid: 23)
[2025-08-05 23:04:07 +0000] [25] [INFO] Finished server process [25]
[2025-08-05 23:04:07 +0000] [25] [INFO] Worker exiting (pid: 25)
[2025-08-05 23:04:07 +0000] [1] [INFO] Shutting down: Master
[2025-08-05 23:04:49 +0000] [1] [INFO] Starting gunicorn 21.2.0
[2025-08-05 23:04:49 +0000] [1] [INFO] Listening at: http://0.0.0.0:8000 (1)
[2025-08-05 23:04:49 +0000] [1] [INFO] Using worker: uvicorn.workers.UvicornWorker
[2025-08-05 23:04:49 +0000] [23] [INFO] Booting worker with pid: 23
[2025-08-05 23:04:49 +0000] [23] [INFO] Started server process [23]
[2025-08-05 23:04:49 +0000] [23] [INFO] Waiting for application startup.
[2025-08-05 23:04:49 +0000] [23] [INFO] ASGI 'lifespan' protocol appears unsupported.
[2025-08-05 23:04:49 +0000] [23] [INFO] Application startup complete.
[2025-08-05 23:04:49 +0000] [24] [INFO] Booting worker with pid: 24
[2025-08-05 23:04:49 +0000] [24] [INFO] Started server process [24]
[2025-08-05 23:04:49 +0000] [24] [INFO] Waiting for application startup.
[2025-08-05 23:04:49 +0000] [24] [INFO] ASGI 'lifespan' protocol appears unsupported.
[2025-08-05 23:04:49 +0000] [24] [INFO] Application startup complete.
[2025-08-05 23:04:49 +0000] [25] [INFO] Booting worker with pid: 25
[2025-08-05 23:04:49 +0000] [25] [INFO] Started server process [25]
[2025-08-05 23:04:49 +0000] [25] [INFO] Waiting for application startup.
[2025-08-05 23:04:49 +0000] [25] [INFO] ASGI 'lifespan' protocol appears unsupported.
[2025-08-05 23:04:49 +0000] [25] [INFO] Application startup complete.
